Setting option: name = value (souce: file)
Setting option: name = value (souce: file)
#PETSc Option Table entries:
-name value # (source: file)
#End of PETSc Option Table entries
