Setting option: name = value (souce: code)
#PETSc Option Table entries:
-name value # (source: code)
#End of PETSc Option Table entries
