Setting option: help = intro (souce: command line)
See https://petsc.org/release/changes for recent updates.
See https://petsc.org/release/faq for problems.
See https://petsc.org/release/manualpages for help.
